MPLINK 4.41, Linker
Linker Map File - Created Mon Jun 25 10:53:48 2018

                                 Section Info
                  Section       Type    Address   Location Size(Bytes)
                ---------  ---------  ---------  ---------  ---------
                   .org_0       code   0x000000    program   0x000000
                   .org_1       code   0x000000    program   0x0000e2



                              Program Memory Usage 
                               Start         End      
                           ---------   ---------      
                            0x000000    0x000070      
            113 out of 1094 program addresses used, program memory utilization is 10%



                              Symbols - Sorted by Name
                     Name    Address   Location    Storage File                     
                ---------  ---------  ---------  --------- ---------                
                     BCD0   0x000007    program     static C:\PIC\proce101.asm      
                    BCD00   0x00000f    program     static C:\PIC\proce101.asm      
                   BCD000   0x000033    program     static C:\PIC\proce101.asm      
                   BCD001   0x000037    program     static C:\PIC\proce101.asm      
                    BCD01   0x000017    program     static C:\PIC\proce101.asm      
                   BCD010   0x00002f    program     static C:\PIC\proce101.asm      
                   BCD011   0x00001f    program     static C:\PIC\proce101.asm      
                     BCD1   0x00000b    program     static C:\PIC\proce101.asm      
                    BCD10   0x000013    program     static C:\PIC\proce101.asm      
                   BCD100   0x000027    program     static C:\PIC\proce101.asm      
                   BCD101   0x000023    program     static C:\PIC\proce101.asm      
                    BCD11   0x00001b    program     static C:\PIC\proce101.asm      
                   BCD110   0x00002b    program     static C:\PIC\proce101.asm      
                   BCD111   0x00003b    program     static C:\PIC\proce101.asm      
                    BCDIN   0x000003    program     static C:\PIC\proce101.asm      
                    BCD_0   0x00003f    program     static C:\PIC\proce101.asm      
                    BCD_1   0x000042    program     static C:\PIC\proce101.asm      
                    BCD_2   0x000045    program     static C:\PIC\proce101.asm      
                    BCD_3   0x000048    program     static C:\PIC\proce101.asm      
                    BCD_4   0x00004b    program     static C:\PIC\proce101.asm      
                    BCD_5   0x00004e    program     static C:\PIC\proce101.asm      
                    BCD_6   0x000051    program     static C:\PIC\proce101.asm      
                    BCD_7   0x000054    program     static C:\PIC\proce101.asm      
                    BCD_8   0x000057    program     static C:\PIC\proce101.asm      
                    BCD_9   0x00005a    program     static C:\PIC\proce101.asm      
                    BCD_A   0x00005d    program     static C:\PIC\proce101.asm      
                    BCD_B   0x000060    program     static C:\PIC\proce101.asm      
                    BCD_C   0x000063    program     static C:\PIC\proce101.asm      
                    BCD_D   0x000066    program     static C:\PIC\proce101.asm      
                    BCD_E   0x000069    program     static C:\PIC\proce101.asm      
                    BCD_F   0x00006c    program     static C:\PIC\proce101.asm      
                      FIN   0x00006f    program     static C:\PIC\proce101.asm      
                   Inicio   0x000000    program     static C:\PIC\proce101.asm      



                              Symbols - Sorted by Address
                     Name    Address   Location    Storage File                     
                ---------  ---------  ---------  --------- ---------                
                   Inicio   0x000000    program     static C:\PIC\proce101.asm      
                    BCDIN   0x000003    program     static C:\PIC\proce101.asm      
                     BCD0   0x000007    program     static C:\PIC\proce101.asm      
                     BCD1   0x00000b    program     static C:\PIC\proce101.asm      
                    BCD00   0x00000f    program     static C:\PIC\proce101.asm      
                    BCD10   0x000013    program     static C:\PIC\proce101.asm      
                    BCD01   0x000017    program     static C:\PIC\proce101.asm      
                    BCD11   0x00001b    program     static C:\PIC\proce101.asm      
                   BCD011   0x00001f    program     static C:\PIC\proce101.asm      
                   BCD101   0x000023    program     static C:\PIC\proce101.asm      
                   BCD100   0x000027    program     static C:\PIC\proce101.asm      
                   BCD110   0x00002b    program     static C:\PIC\proce101.asm      
                   BCD010   0x00002f    program     static C:\PIC\proce101.asm      
                   BCD000   0x000033    program     static C:\PIC\proce101.asm      
                   BCD001   0x000037    program     static C:\PIC\proce101.asm      
                   BCD111   0x00003b    program     static C:\PIC\proce101.asm      
                    BCD_0   0x00003f    program     static C:\PIC\proce101.asm      
                    BCD_1   0x000042    program     static C:\PIC\proce101.asm      
                    BCD_2   0x000045    program     static C:\PIC\proce101.asm      
                    BCD_3   0x000048    program     static C:\PIC\proce101.asm      
                    BCD_4   0x00004b    program     static C:\PIC\proce101.asm      
                    BCD_5   0x00004e    program     static C:\PIC\proce101.asm      
                    BCD_6   0x000051    program     static C:\PIC\proce101.asm      
                    BCD_7   0x000054    program     static C:\PIC\proce101.asm      
                    BCD_8   0x000057    program     static C:\PIC\proce101.asm      
                    BCD_9   0x00005a    program     static C:\PIC\proce101.asm      
                    BCD_A   0x00005d    program     static C:\PIC\proce101.asm      
                    BCD_B   0x000060    program     static C:\PIC\proce101.asm      
                    BCD_C   0x000063    program     static C:\PIC\proce101.asm      
                    BCD_D   0x000066    program     static C:\PIC\proce101.asm      
                    BCD_E   0x000069    program     static C:\PIC\proce101.asm      
                    BCD_F   0x00006c    program     static C:\PIC\proce101.asm      
                      FIN   0x00006f    program     static C:\PIC\proce101.asm      


