MPLINK 4.41, Linker
Linker Map File - Created Fri May 11 14:41:03 2018

                                 Section Info
                  Section       Type    Address   Location Size(Bytes)
                ---------  ---------  ---------  ---------  ---------
                   .org_0       code   0x000000    program   0x000000
                   .org_1       code   0x000000    program   0x000008



                              Program Memory Usage 
                               Start         End      
                           ---------   ---------      
                            0x000000    0x000003      
            4 out of 1094 program addresses used, program memory utilization is 0%



                              Symbols - Sorted by Name
                     Name    Address   Location    Storage File                     
                ---------  ---------  ---------  --------- ---------                
                      Dos   0x000003    program     static C:\PIC\proce7211.asm     
                   Inicio   0x000000    program     static C:\PIC\proce7211.asm     



                              Symbols - Sorted by Address
                     Name    Address   Location    Storage File                     
                ---------  ---------  ---------  --------- ---------                
                   Inicio   0x000000    program     static C:\PIC\proce7211.asm     
                      Dos   0x000003    program     static C:\PIC\proce7211.asm     


