MPLINK 4.41, Linker
Linker Map File - Created Mon Jun 25 10:49:21 2018

                                 Section Info
                  Section       Type    Address   Location Size(Bytes)
                ---------  ---------  ---------  ---------  ---------
                   .org_0       code   0x000000    program   0x000000
                   .org_1       code   0x000000    program   0x00008e



                              Program Memory Usage 
                               Start         End      
                           ---------   ---------      
                            0x000000    0x000046      
            71 out of 1094 program addresses used, program memory utilization is 6%



                              Symbols - Sorted by Name
                     Name    Address   Location    Storage File                     
                ---------  ---------  ---------  --------- ---------                
                     BCD0   0x000007    program     static C:\PIC\procr81.asm       
                    BCD00   0x00000f    program     static C:\PIC\procr81.asm       
                   BCD000   0x00001f    program     static C:\PIC\procr81.asm       
                   BCD001   0x000023    program     static C:\PIC\procr81.asm       
                    BCD01   0x000017    program     static C:\PIC\procr81.asm       
                     BCD1   0x00000b    program     static C:\PIC\procr81.asm       
                    BCD10   0x000013    program     static C:\PIC\procr81.asm       
                    BCD11   0x00001b    program     static C:\PIC\procr81.asm       
                    BCDIN   0x000003    program     static C:\PIC\procr81.asm       
                    BCD_0   0x000027    program     static C:\PIC\procr81.asm       
                    BCD_1   0x00002a    program     static C:\PIC\procr81.asm       
                    BCD_2   0x00002d    program     static C:\PIC\procr81.asm       
                    BCD_3   0x000030    program     static C:\PIC\procr81.asm       
                    BCD_4   0x000033    program     static C:\PIC\procr81.asm       
                    BCD_5   0x000036    program     static C:\PIC\procr81.asm       
                    BCD_6   0x000039    program     static C:\PIC\procr81.asm       
                    BCD_7   0x00003c    program     static C:\PIC\procr81.asm       
                    BCD_8   0x00003f    program     static C:\PIC\procr81.asm       
                    BCD_9   0x000042    program     static C:\PIC\procr81.asm       
                      FIN   0x000045    program     static C:\PIC\procr81.asm       
                   Inicio   0x000000    program     static C:\PIC\procr81.asm       



                              Symbols - Sorted by Address
                     Name    Address   Location    Storage File                     
                ---------  ---------  ---------  --------- ---------                
                   Inicio   0x000000    program     static C:\PIC\procr81.asm       
                    BCDIN   0x000003    program     static C:\PIC\procr81.asm       
                     BCD0   0x000007    program     static C:\PIC\procr81.asm       
                     BCD1   0x00000b    program     static C:\PIC\procr81.asm       
                    BCD00   0x00000f    program     static C:\PIC\procr81.asm       
                    BCD10   0x000013    program     static C:\PIC\procr81.asm       
                    BCD01   0x000017    program     static C:\PIC\procr81.asm       
                    BCD11   0x00001b    program     static C:\PIC\procr81.asm       
                   BCD000   0x00001f    program     static C:\PIC\procr81.asm       
                   BCD001   0x000023    program     static C:\PIC\procr81.asm       
                    BCD_0   0x000027    program     static C:\PIC\procr81.asm       
                    BCD_1   0x00002a    program     static C:\PIC\procr81.asm       
                    BCD_2   0x00002d    program     static C:\PIC\procr81.asm       
                    BCD_3   0x000030    program     static C:\PIC\procr81.asm       
                    BCD_4   0x000033    program     static C:\PIC\procr81.asm       
                    BCD_5   0x000036    program     static C:\PIC\procr81.asm       
                    BCD_6   0x000039    program     static C:\PIC\procr81.asm       
                    BCD_7   0x00003c    program     static C:\PIC\procr81.asm       
                    BCD_8   0x00003f    program     static C:\PIC\procr81.asm       
                    BCD_9   0x000042    program     static C:\PIC\procr81.asm       
                      FIN   0x000045    program     static C:\PIC\procr81.asm       


