MPLINK 4.41, Linker
Linker Map File - Created Mon Jun 25 18:31:51 2018

                                 Section Info
                  Section       Type    Address   Location Size(Bytes)
                ---------  ---------  ---------  ---------  ---------
                   .org_0       code   0x000000    program   0x000070



                              Program Memory Usage 
                               Start         End      
                           ---------   ---------      
                            0x000000    0x000037      
            56 out of 1094 program addresses used, program memory utilization is 5%



                              Symbols - Sorted by Name
                     Name    Address   Location    Storage File                     
                ---------  ---------  ---------  --------- ---------                
                    CARRY   0x000016    program     static C:\PIC\proce161.asm      
                  CARRY_D   0x000019    program     static C:\PIC\proce161.asm      
                  CARRY_Z   0x00001d    program     static C:\PIC\proce161.asm      
            COMPLEMENTO_1   0x00002a    program     static C:\PIC\proce161.asm      
            COMPLEMENTO_2   0x000030    program     static C:\PIC\proce161.asm      
                COMPROBAR   0x000021    program     static C:\PIC\proce161.asm      
              COMPROBAR_2   0x000026    program     static C:\PIC\proce161.asm      
                 DIVISION   0x00000b    program     static C:\PIC\proce161.asm      
                    ERR_0   0x000034    program     static C:\PIC\proce161.asm      
                      FIN   0x000037    program     static C:\PIC\proce161.asm      



                              Symbols - Sorted by Address
                     Name    Address   Location    Storage File                     
                ---------  ---------  ---------  --------- ---------                
                 DIVISION   0x00000b    program     static C:\PIC\proce161.asm      
                    CARRY   0x000016    program     static C:\PIC\proce161.asm      
                  CARRY_D   0x000019    program     static C:\PIC\proce161.asm      
                  CARRY_Z   0x00001d    program     static C:\PIC\proce161.asm      
                COMPROBAR   0x000021    program     static C:\PIC\proce161.asm      
              COMPROBAR_2   0x000026    program     static C:\PIC\proce161.asm      
            COMPLEMENTO_1   0x00002a    program     static C:\PIC\proce161.asm      
            COMPLEMENTO_2   0x000030    program     static C:\PIC\proce161.asm      
                    ERR_0   0x000034    program     static C:\PIC\proce161.asm      
                      FIN   0x000037    program     static C:\PIC\proce161.asm      


