MPLINK 4.41, Linker
Linker Map File - Created Mon Jun 25 11:06:50 2018

                                 Section Info
                  Section       Type    Address   Location Size(Bytes)
                ---------  ---------  ---------  ---------  ---------
                   .org_0       code   0x000000    program   0x000036



                              Program Memory Usage 
                               Start         End      
                           ---------   ---------      
                            0x000000    0x00001a      
            27 out of 1094 program addresses used, program memory utilization is 2%



                              Symbols - Sorted by Name
                     Name    Address   Location    Storage File                     
                ---------  ---------  ---------  --------- ---------                
                    CARRY   0x000016    program     static C:\PIC\proce141.asm      
                  CARRY_2   0x000012    program     static C:\PIC\proce141.asm      
                      FIN   0x00001a    program     static C:\PIC\proce141.asm      
                     SUMA   0x000009    program     static C:\PIC\proce141.asm      



                              Symbols - Sorted by Address
                     Name    Address   Location    Storage File                     
                ---------  ---------  ---------  --------- ---------                
                     SUMA   0x000009    program     static C:\PIC\proce141.asm      
                  CARRY_2   0x000012    program     static C:\PIC\proce141.asm      
                    CARRY   0x000016    program     static C:\PIC\proce141.asm      
                      FIN   0x00001a    program     static C:\PIC\proce141.asm      


